Microsoft Windows [Version 6.1.7600]Copyright (c) 2009 Microsoft Corporation.  All rights reserved.D:\Projects\my_projects\git_repository>git status# On branch test_branch# Changes to be committed:#   (use "git reset HEAD <file>..." to unstage)##       modified:   temp.txt#       new file:   temp_2.txt#D:\Projects\my_projects\git_repository>git add temp_2.txtD:\Projects\my_projects\git_repository>git status# On branch test_branch# Changes to be committed:#   (use "git reset HEAD <file>..." to unstage)##       modified:   temp.txt#       new file:   temp_2.txt#D:\Projects\my_projects\git_repository>git commit -m 'bla-bla'[test_branch 8118a9d] 'bla-bla' 2 files changed, 2 insertions(+), 1 deletion(-) create mode 100644 temp_2.txtD:\Projects\my_projects\git_repository>git status# On branch test_branchnothing to commit (working directory clean)D:\Projects\my_projects\git_repository>git checkout masterSwitched to branch 'master'D:\Projects\my_projects\git_repository>git status# On branch masternothing to commit (working directory clean)D:\Projects\my_projects\git_repository>git branch* master  test_branchD:\Projects\my_projects\git_repository>git merge test_branchUpdating ca5eb31..8118a9dFast-forward temp.txt   | 2 +- temp_2.txt | 1 + 2 files changed, 2 insertions(+), 1 deletion(-) create mode 100644 temp_2.txtD:\Projects\my_projects\git_repository>git remote add origin https://github.com/oboncheva/my_repo.gitD:\Projects\my_projects\git_repository>git push origin masterUsername for 'https://github.com':Password for 'https://oboncheva@github.com':To https://github.com/oboncheva/my_repo.git ! [rejected]        master -> master (non-fast-forward)error: failed to push some refs to 'https://github.com/oboncheva/my_repo.git'hint: Updates were rejected because the tip of your current branch is behindhint: its remote counterpart. Merge the remote changes (e.g. 'git pull')hint: before pushing again.hint: See the 'Note about fast-forwards' in 'git push --help' for details.D:\Projects\my_projects\git_repository>--help'--help' is not recognized as an internal or external command,operable program or batch file.D:\Projects\my_projects\git_repository>helpFor more information on a specific command, type HELP command-nameASSOC          Displays or modifies file extension associations.ATTRIB         Displays or changes file attributes.BREAK          Sets or clears extended CTRL+C checking.BCDEDIT        Sets properties in boot database to control boot loading.CACLS          Displays or modifies access control lists (ACLs) of files.CALL           Calls one batch program from another.CD             Displays the name of or changes the current directory.CHCP           Displays or sets the active code page number.CHDIR          Displays the name of or changes the current directory.CHKDSK         Checks a disk and displays a status report.CHKNTFS        Displays or modifies the checking of disk at boot time.CLS            Clears the screen.CMD            Starts a new instance of the Windows command interpreter.COLOR          Sets the default console foreground and background colors.COMP           Compares the contents of two files or sets of files.COMPACT        Displays or alters the compression of files on NTFS partitions.CONVERT        Converts FAT volumes to NTFS.  You cannot convert the               current drive.COPY           Copies one or more files to another location.DATE           Displays or sets the date.DEL            Deletes one or more files.DIR            Displays a list of files and subdirectories in a directory.DISKCOMP       Compares the contents of two floppy disks.DISKCOPY       Copies the contents of one floppy disk to another.DISKPART       Displays or configures Disk Partition properties.DOSKEY         Edits command lines, recalls Windows commands, and               creates macros.DRIVERQUERY    Displays current device driver status and properties.ECHO           Displays messages, or turns command echoing on or off.ENDLOCAL       Ends localization of environment changes in a batch file.ERASE          Deletes one or more files.EXIT           Quits the CMD.EXE program (command interpreter).FC             Compares two files or sets of files, and displays the               differences between them.FIND           Searches for a text string in a file or files.FINDSTR        Searches for strings in files.FOR            Runs a specified command for each file in a set of files.FORMAT         Formats a disk for use with Windows.FSUTIL         Displays or configures the file system properties.FTYPE          Displays or modifies file types used in file extension               associations.GOTO           Directs the Windows command interpreter to a labeled line in               a batch program.GPRESULT       Displays Group Policy information for machine or user.GRAFTABL       Enables Windows to display an extended character set in               graphics mode.HELP           Provides Help information for Windows commands.ICACLS         Display, modify, backup, or restore ACLs for files and               directories.IF             Performs conditional processing in batch programs.LABEL          Creates, changes, or deletes the volume label of a disk.MD             Creates a directory.MKDIR          Creates a directory.MKLINK         Creates Symbolic Links and Hard LinksMODE           Configures a system device.MORE           Displays output one screen at a time.MOVE           Moves one or more files from one directory to another               directory.OPENFILES      Displays files opened by remote users for a file share.PATH           Displays or sets a search path for executable files.PAUSE          Suspends processing of a batch file and displays a message.POPD           Restores the previous value of the current directory saved by               PUSHD.PRINT          Prints a text file.PROMPT         Changes the Windows command prompt.PUSHD          Saves the current directory then changes it.RD             Removes a directory.RECOVER        Recovers readable information from a bad or defective disk.REM            Records comments (remarks) in batch files or CONFIG.SYS.REN            Renames a file or files.RENAME         Renames a file or files.REPLACE        Replaces files.RMDIR          Removes a directory.ROBOCOPY       Advanced utility to copy files and directory treesSET            Displays, sets, or removes Windows environment variables.SETLOCAL       Begins localization of environment changes in a batch file.SC             Displays or configures services (background processes).SCHTASKS       Schedules commands and programs to run on a computer.SHIFT          Shifts the position of replaceable parameters in batch files.SHUTDOWN       Allows proper local or remote shutdown of machine.SORT           Sorts input.START          Starts a separate window to run a specified program or command.SUBST          Associates a path with a drive letter.SYSTEMINFO     Displays machine specific properties and configuration.TASKLIST       Displays all currently running tasks including services.TASKKILL       Kill or stop a running process or application.TIME           Displays or sets the system time.TITLE          Sets the window title for a CMD.EXE session.TREE           Graphically displays the directory structure of a drive or               path.TYPE           Displays the contents of a text file.VER            Displays the Windows version.VERIFY         Tells Windows whether to verify that your files are written               correctly to a disk.VOL            Displays a disk volume label and serial number.XCOPY          Copies files and directory trees.WMIC           Displays WMI information inside interactive command shell.For more information on tools see the command-line reference in the online help.D:\Projects\my_projects\git_repository>git -helpUnknown option: -helpusage: git [--version] [--exec-path[=<path>]] [--html-path] [--man-path] [--info-path]           [-p|--paginate|--no-pager] [--no-replace-objects] [--bare]           [--git-dir=<path>] [--work-tree=<path>] [--namespace=<name>]           [-c name=value] [--help]           <command> [<args>]D:\Projects\my_projects\git_repository>git --helpusage: git [--version] [--exec-path[=<path>]] [--html-path] [--man-path] [--info-path]           [-p|--paginate|--no-pager] [--no-replace-objects] [--bare]           [--git-dir=<path>] [--work-tree=<path>] [--namespace=<name>]           [-c name=value] [--help]           <command> [<args>]The most commonly used git commands are:   add        Add file contents to the index   bisect     Find by binary search the change that introduced a bug   branch     List, create, or delete branches   checkout   Checkout a branch or paths to the working tree   clone      Clone a repository into a new directory   commit     Record changes to the repository   diff       Show changes between commits, commit and working tree, etc   fetch      Download objects and refs from another repository   grep       Print lines matching a pattern   init       Create an empty git repository or reinitialize an existing one   log        Show commit logs   merge      Join two or more development histories together   mv         Move or rename a file, a directory, or a symlink   pull       Fetch from and merge with another repository or a local branch   push       Update remote refs along with associated objects   rebase     Forward-port local commits to the updated upstream head   reset      Reset current HEAD to the specified state   rm         Remove files from the working tree and from the index   show       Show various types of objects   status     Show the working tree status   tag        Create, list, delete or verify a tag object signed with GPGSee 'git help <command>' for more information on a specific command.D:\Projects\my_projects\git_repository>